---
http_interactions:
- request:
    method: post
    uri: http://admin:admin@tpruby.tpondemand.com/api/v1/Projects/
    body:
      encoding: UTF-8
      string: '{"Name":"Pro305079333"}'
    headers:
      Content-Type:
      - application/json
  response:
    status:
      code: 201
      message: Created
    headers:
      Server:
      - nginx/1.4.1
      Date:
      - Fri, 23 Aug 2013 11:04:21 GMT
      Content-Type:
      - application/json; charset=utf-8
      Content-Length:
      - '732'
      Connection:
      - keep-alive
      Keep-Alive:
      - timeout=60
      Cache-Control:
      - no-cache, no-store, must-revalidate
      Pragma:
      - no-cache
      Expires:
      - '-1'
      X-Aspnet-Version:
      - 4.0.30319
      X-Aspnetmvc-Version:
      - '3.0'
      X-Stopwatch:
      - '476'
      X-Ua-Compatible:
      - IE=edge
    body:
      encoding: UTF-8
      string: "{\r\n  \"Id\": 6857,\r\n  \"Name\": \"Pro305079333\",\r\n  \"Description\":
        null,\r\n  \"StartDate\": null,\r\n  \"EndDate\": null,\r\n  \"CreateDate\":
        \"\\/Date(1377255856000-0500)\\/\",\r\n  \"ModifyDate\": \"\\/Date(1377255856000-0500)\\/\",\r\n
        \ \"LastCommentDate\": null,\r\n  \"Tags\": \"\",\r\n  \"NumericPriority\":
        113.0,\r\n  \"IsActive\": true,\r\n  \"IsProduct\": false,\r\n  \"Abbreviation\":
        \"PRO\",\r\n  \"MailReplyAddress\": null,\r\n  \"Color\": null,\r\n  \"EntityType\":
        {\r\n    \"Id\": 1,\r\n    \"Name\": \"Project\"\r\n  },\r\n  \"Owner\": {\r\n
        \   \"Id\": 1,\r\n    \"FirstName\": \"Administrator\",\r\n    \"LastName\":
        \"Administrator\"\r\n  },\r\n  \"LastCommentedUser\": null,\r\n  \"Project\":
        null,\r\n  \"Program\": null,\r\n  \"Process\": {\r\n    \"Id\": 3,\r\n    \"Name\":
        \"Scrum\"\r\n  },\r\n  \"Company\": null,\r\n  \"CustomFields\": []\r\n}"
    http_version: 
  recorded_at: Fri, 23 Aug 2013 11:04:18 GMT
- request:
    method: post
    uri: http://admin:admin@tpruby.tpondemand.com/api/v1/UserStories/
    body:
      encoding: UTF-8
      string: '{"Name":"story2","Project":{"id":6857}}'
    headers:
      Content-Type:
      - application/json
  response:
    status:
      code: 201
      message: Created
    headers:
      Server:
      - nginx/1.4.1
      Date:
      - Fri, 23 Aug 2013 11:04:09 GMT
      Content-Type:
      - application/json; charset=utf-8
      Content-Length:
      - '947'
      Connection:
      - keep-alive
      Keep-Alive:
      - timeout=60
      Cache-Control:
      - no-cache, no-store, must-revalidate
      Pragma:
      - no-cache
      Expires:
      - '-1'
      X-Aspnet-Version:
      - 4.0.30319
      X-Aspnetmvc-Version:
      - '3.0'
      X-Stopwatch:
      - '197'
      X-Ua-Compatible:
      - IE=edge
    body:
      encoding: UTF-8
      string: "{\r\n  \"Id\": 6858,\r\n  \"Name\": \"story2\",\r\n  \"Description\":
        null,\r\n  \"StartDate\": null,\r\n  \"EndDate\": null,\r\n  \"CreateDate\":
        \"\\/Date(1377255857000-0500)\\/\",\r\n  \"ModifyDate\": \"\\/Date(1377255857000-0500)\\/\",\r\n
        \ \"LastCommentDate\": null,\r\n  \"Tags\": \"\",\r\n  \"NumericPriority\":
        232.0,\r\n  \"Effort\": 0.0000,\r\n  \"EffortCompleted\": 0.0000,\r\n  \"EffortToDo\":
        0.0000,\r\n  \"TimeSpent\": 0.0000,\r\n  \"TimeRemain\": 0.0000,\r\n  \"InitialEstimate\":
        0.0000,\r\n  \"EntityType\": {\r\n    \"Id\": 4,\r\n    \"Name\": \"UserStory\"\r\n
        \ },\r\n  \"Owner\": {\r\n    \"Id\": 1,\r\n    \"FirstName\": \"Administrator\",\r\n
        \   \"LastName\": \"Administrator\"\r\n  },\r\n  \"LastCommentedUser\": null,\r\n
        \ \"Project\": {\r\n    \"Id\": 6857,\r\n    \"Name\": \"Pro305079333\"\r\n
        \ },\r\n  \"Release\": null,\r\n  \"Iteration\": null,\r\n  \"TeamIteration\":
        null,\r\n  \"Team\": null,\r\n  \"Priority\": {\r\n    \"Id\": 5,\r\n    \"Name\":
        \"Nice To Have\"\r\n  },\r\n  \"EntityState\": {\r\n    \"Id\": 46,\r\n    \"Name\":
        \"Open\"\r\n  },\r\n  \"Feature\": null,\r\n  \"CustomFields\": []\r\n}"
    http_version: 
  recorded_at: Fri, 23 Aug 2013 11:04:18 GMT
- request:
    method: get
    uri: http://admin:admin@tpruby.tpondemand.com/api/v1/Projects/6857?format=json
    body:
      encoding: US-ASCII
      string: ''
    headers: {}
  response:
    status:
      code: 200
      message: OK
    headers:
      Server:
      - nginx/1.4.1
      Date:
      - Fri, 23 Aug 2013 11:04:22 GMT
      Content-Type:
      - application/json; charset=utf-8
      Content-Length:
      - '732'
      Connection:
      - keep-alive
      Keep-Alive:
      - timeout=60
      Cache-Control:
      - no-cache, no-store, must-revalidate
      Pragma:
      - no-cache
      Expires:
      - '-1'
      X-Aspnet-Version:
      - 4.0.30319
      X-Aspnetmvc-Version:
      - '3.0'
      X-Stopwatch:
      - '50'
      X-Ua-Compatible:
      - IE=edge
    body:
      encoding: UTF-8
      string: "{\r\n  \"Id\": 6857,\r\n  \"Name\": \"Pro305079333\",\r\n  \"Description\":
        null,\r\n  \"StartDate\": null,\r\n  \"EndDate\": null,\r\n  \"CreateDate\":
        \"\\/Date(1377255856000-0500)\\/\",\r\n  \"ModifyDate\": \"\\/Date(1377255856000-0500)\\/\",\r\n
        \ \"LastCommentDate\": null,\r\n  \"Tags\": \"\",\r\n  \"NumericPriority\":
        113.0,\r\n  \"IsActive\": true,\r\n  \"IsProduct\": false,\r\n  \"Abbreviation\":
        \"PRO\",\r\n  \"MailReplyAddress\": null,\r\n  \"Color\": null,\r\n  \"EntityType\":
        {\r\n    \"Id\": 1,\r\n    \"Name\": \"Project\"\r\n  },\r\n  \"Owner\": {\r\n
        \   \"Id\": 1,\r\n    \"FirstName\": \"Administrator\",\r\n    \"LastName\":
        \"Administrator\"\r\n  },\r\n  \"LastCommentedUser\": null,\r\n  \"Project\":
        null,\r\n  \"Program\": null,\r\n  \"Process\": {\r\n    \"Id\": 3,\r\n    \"Name\":
        \"Scrum\"\r\n  },\r\n  \"Company\": null,\r\n  \"CustomFields\": []\r\n}"
    http_version: 
  recorded_at: Fri, 23 Aug 2013 11:04:19 GMT
- request:
    method: get
    uri: http://admin:admin@tpruby.tpondemand.com/api/v1/EntityTypes/1?format=json
    body:
      encoding: US-ASCII
      string: ''
    headers: {}
  response:
    status:
      code: 200
      message: OK
    headers:
      Server:
      - nginx/1.4.1
      Date:
      - Fri, 23 Aug 2013 11:04:10 GMT
      Content-Type:
      - application/json; charset=utf-8
      Content-Length:
      - '88'
      Connection:
      - keep-alive
      Keep-Alive:
      - timeout=60
      Cache-Control:
      - no-cache, no-store, must-revalidate
      Pragma:
      - no-cache
      Expires:
      - '-1'
      X-Aspnet-Version:
      - 4.0.30319
      X-Aspnetmvc-Version:
      - '3.0'
      X-Stopwatch:
      - '4'
      X-Ua-Compatible:
      - IE=edge
    body:
      encoding: UTF-8
      string: "{\r\n  \"Id\": 1,\r\n  \"Name\": \"Project\",\r\n  \"IsExtendable\":
        true,\r\n  \"IsSearchable\": false\r\n}"
    http_version: 
  recorded_at: Fri, 23 Aug 2013 11:04:19 GMT
- request:
    method: get
    uri: http://admin:admin@tpruby.tpondemand.com/api/v1/EntityTypes/1?format=json
    body:
      encoding: US-ASCII
      string: ''
    headers: {}
  response:
    status:
      code: 200
      message: OK
    headers:
      Server:
      - nginx/1.4.1
      Date:
      - Fri, 23 Aug 2013 11:04:23 GMT
      Content-Type:
      - application/json; charset=utf-8
      Content-Length:
      - '88'
      Connection:
      - keep-alive
      Keep-Alive:
      - timeout=60
      Cache-Control:
      - no-cache, no-store, must-revalidate
      Pragma:
      - no-cache
      Expires:
      - '-1'
      X-Aspnet-Version:
      - 4.0.30319
      X-Aspnetmvc-Version:
      - '3.0'
      X-Stopwatch:
      - '4'
      X-Ua-Compatible:
      - IE=edge
    body:
      encoding: UTF-8
      string: "{\r\n  \"Id\": 1,\r\n  \"Name\": \"Project\",\r\n  \"IsExtendable\":
        true,\r\n  \"IsSearchable\": false\r\n}"
    http_version: 
  recorded_at: Fri, 23 Aug 2013 11:04:19 GMT
- request:
    method: get
    uri: http://admin:admin@tpruby.tpondemand.com/api/v1/GeneralUsers/1?format=json
    body:
      encoding: US-ASCII
      string: ''
    headers: {}
  response:
    status:
      code: 200
      message: OK
    headers:
      Server:
      - nginx/1.4.1
      Date:
      - Fri, 23 Aug 2013 11:04:11 GMT
      Content-Type:
      - application/json; charset=utf-8
      Content-Length:
      - '334'
      Connection:
      - keep-alive
      Keep-Alive:
      - timeout=60
      Cache-Control:
      - no-cache, no-store, must-revalidate
      Pragma:
      - no-cache
      Expires:
      - '-1'
      X-Aspnet-Version:
      - 4.0.30319
      X-Aspnetmvc-Version:
      - '3.0'
      X-Stopwatch:
      - '6'
      X-Ua-Compatible:
      - IE=edge
    body:
      encoding: UTF-8
      string: "{\r\n  \"Id\": 1,\r\n  \"FirstName\": \"Administrator\",\r\n  \"LastName\":
        \"Administrator\",\r\n  \"Email\": \"Dzmitry_Bradnitski@gmail.com\",\r\n  \"Login\":
        \"admin\",\r\n  \"CreateDate\": \"\\/Date(1376197595627-0500)\\/\",\r\n  \"ModifyDate\":
        \"\\/Date(1376218457000-0500)\\/\",\r\n  \"DeleteDate\": null,\r\n  \"IsActive\":
        true,\r\n  \"IsAdministrator\": true,\r\n  \"Kind\": \"User\"\r\n}"
    http_version: 
  recorded_at: Fri, 23 Aug 2013 11:04:20 GMT
- request:
    method: get
    uri: http://admin:admin@tpruby.tpondemand.com/api/v1/GeneralUsers/1?format=json
    body:
      encoding: US-ASCII
      string: ''
    headers: {}
  response:
    status:
      code: 200
      message: OK
    headers:
      Server:
      - nginx/1.4.1
      Date:
      - Fri, 23 Aug 2013 11:04:23 GMT
      Content-Type:
      - application/json; charset=utf-8
      Content-Length:
      - '334'
      Connection:
      - keep-alive
      Keep-Alive:
      - timeout=60
      Cache-Control:
      - no-cache, no-store, must-revalidate
      Pragma:
      - no-cache
      Expires:
      - '-1'
      X-Aspnet-Version:
      - 4.0.30319
      X-Aspnetmvc-Version:
      - '3.0'
      X-Stopwatch:
      - '6'
      X-Ua-Compatible:
      - IE=edge
    body:
      encoding: UTF-8
      string: "{\r\n  \"Id\": 1,\r\n  \"FirstName\": \"Administrator\",\r\n  \"LastName\":
        \"Administrator\",\r\n  \"Email\": \"Dzmitry_Bradnitski@gmail.com\",\r\n  \"Login\":
        \"admin\",\r\n  \"CreateDate\": \"\\/Date(1376197595627-0500)\\/\",\r\n  \"ModifyDate\":
        \"\\/Date(1376218457000-0500)\\/\",\r\n  \"DeleteDate\": null,\r\n  \"IsActive\":
        true,\r\n  \"IsAdministrator\": true,\r\n  \"Kind\": \"User\"\r\n}"
    http_version: 
  recorded_at: Fri, 23 Aug 2013 11:04:20 GMT
- request:
    method: get
    uri: http://admin:admin@tpruby.tpondemand.com/api/v1/Processes/3?format=json
    body:
      encoding: US-ASCII
      string: ''
    headers: {}
  response:
    status:
      code: 200
      message: OK
    headers:
      Server:
      - nginx/1.4.1
      Date:
      - Fri, 23 Aug 2013 11:04:11 GMT
      Content-Type:
      - application/json; charset=utf-8
      Content-Length:
      - '149'
      Connection:
      - keep-alive
      Keep-Alive:
      - timeout=60
      Cache-Control:
      - no-cache, no-store, must-revalidate
      Pragma:
      - no-cache
      Expires:
      - '-1'
      X-Aspnet-Version:
      - 4.0.30319
      X-Aspnetmvc-Version:
      - '3.0'
      X-Stopwatch:
      - '4'
      X-Ua-Compatible:
      - IE=edge
    body:
      encoding: UTF-8
      string: "{\r\n  \"Id\": 3,\r\n  \"Name\": \"Scrum\",\r\n  \"IsDefault\": true,\r\n
        \ \"Description\": \"Scrum is an iterative, incremental methodology for project
        management.\"\r\n}"
    http_version: 
  recorded_at: Fri, 23 Aug 2013 11:04:20 GMT
- request:
    method: get
    uri: http://admin:admin@tpruby.tpondemand.com/api/v1/Processes/3?format=json
    body:
      encoding: US-ASCII
      string: ''
    headers: {}
  response:
    status:
      code: 200
      message: OK
    headers:
      Server:
      - nginx/1.4.1
      Date:
      - Fri, 23 Aug 2013 11:04:24 GMT
      Content-Type:
      - application/json; charset=utf-8
      Content-Length:
      - '149'
      Connection:
      - keep-alive
      Keep-Alive:
      - timeout=60
      Cache-Control:
      - no-cache, no-store, must-revalidate
      Pragma:
      - no-cache
      Expires:
      - '-1'
      X-Aspnet-Version:
      - 4.0.30319
      X-Aspnetmvc-Version:
      - '3.0'
      X-Stopwatch:
      - '4'
      X-Ua-Compatible:
      - IE=edge
    body:
      encoding: UTF-8
      string: "{\r\n  \"Id\": 3,\r\n  \"Name\": \"Scrum\",\r\n  \"IsDefault\": true,\r\n
        \ \"Description\": \"Scrum is an iterative, incremental methodology for project
        management.\"\r\n}"
    http_version: 
  recorded_at: Fri, 23 Aug 2013 11:04:21 GMT
- request:
    method: get
    uri: http://admin:admin@tpruby.tpondemand.com/api/v1/Projects/6857/UserStories?format=json
    body:
      encoding: US-ASCII
      string: ''
    headers: {}
  response:
    status:
      code: 200
      message: OK
    headers:
      Server:
      - nginx/1.4.1
      Date:
      - Fri, 23 Aug 2013 11:04:12 GMT
      Content-Type:
      - application/json; charset=utf-8
      Content-Length:
      - '1156'
      Connection:
      - keep-alive
      Keep-Alive:
      - timeout=60
      Cache-Control:
      - no-cache, no-store, must-revalidate
      Pragma:
      - no-cache
      Expires:
      - '-1'
      X-Aspnet-Version:
      - 4.0.30319
      X-Aspnetmvc-Version:
      - '3.0'
      X-Stopwatch:
      - '60'
      X-Ua-Compatible:
      - IE=edge
    body:
      encoding: UTF-8
      string: "{\r\n  \"Items\": [\r\n    {\r\n      \"Id\": 6858,\r\n      \"Name\":
        \"story2\",\r\n      \"Description\": null,\r\n      \"StartDate\": null,\r\n
        \     \"EndDate\": null,\r\n      \"CreateDate\": \"\\/Date(1377255857000-0500)\\/\",\r\n
        \     \"ModifyDate\": \"\\/Date(1377255857000-0500)\\/\",\r\n      \"LastCommentDate\":
        null,\r\n      \"Tags\": \"\",\r\n      \"NumericPriority\": 232.0,\r\n      \"Effort\":
        0.0000,\r\n      \"EffortCompleted\": 0.0000,\r\n      \"EffortToDo\": 0.0000,\r\n
        \     \"TimeSpent\": 0.0000,\r\n      \"TimeRemain\": 0.0000,\r\n      \"InitialEstimate\":
        0.0000,\r\n      \"EntityType\": {\r\n        \"Id\": 4,\r\n        \"Name\":
        \"UserStory\"\r\n      },\r\n      \"Owner\": {\r\n        \"Id\": 1,\r\n
        \       \"FirstName\": \"Administrator\",\r\n        \"LastName\": \"Administrator\"\r\n
        \     },\r\n      \"LastCommentedUser\": null,\r\n      \"Project\": {\r\n
        \       \"Id\": 6857,\r\n        \"Name\": \"Pro305079333\"\r\n      },\r\n
        \     \"Release\": null,\r\n      \"Iteration\": null,\r\n      \"TeamIteration\":
        null,\r\n      \"Team\": null,\r\n      \"Priority\": {\r\n        \"Id\":
        5,\r\n        \"Name\": \"Nice To Have\"\r\n      },\r\n      \"EntityState\":
        {\r\n        \"Id\": 46,\r\n        \"Name\": \"Open\"\r\n      },\r\n      \"Feature\":
        null,\r\n      \"CustomFields\": []\r\n    }\r\n  ]\r\n}"
    http_version: 
  recorded_at: Fri, 23 Aug 2013 11:04:21 GMT
- request:
    method: get
    uri: http://admin:admin@tpruby.tpondemand.com/api/v1/EntityTypes/4?format=json
    body:
      encoding: US-ASCII
      string: ''
    headers: {}
  response:
    status:
      code: 200
      message: OK
    headers:
      Server:
      - nginx/1.4.1
      Date:
      - Fri, 23 Aug 2013 11:04:25 GMT
      Content-Type:
      - application/json; charset=utf-8
      Content-Length:
      - '89'
      Connection:
      - keep-alive
      Keep-Alive:
      - timeout=60
      Cache-Control:
      - no-cache, no-store, must-revalidate
      Pragma:
      - no-cache
      Expires:
      - '-1'
      X-Aspnet-Version:
      - 4.0.30319
      X-Aspnetmvc-Version:
      - '3.0'
      X-Stopwatch:
      - '4'
      X-Ua-Compatible:
      - IE=edge
    body:
      encoding: UTF-8
      string: "{\r\n  \"Id\": 4,\r\n  \"Name\": \"UserStory\",\r\n  \"IsExtendable\":
        true,\r\n  \"IsSearchable\": true\r\n}"
    http_version: 
  recorded_at: Fri, 23 Aug 2013 11:04:22 GMT
- request:
    method: get
    uri: http://admin:admin@tpruby.tpondemand.com/api/v1/EntityTypes/4?format=json
    body:
      encoding: US-ASCII
      string: ''
    headers: {}
  response:
    status:
      code: 200
      message: OK
    headers:
      Server:
      - nginx/1.4.1
      Date:
      - Fri, 23 Aug 2013 11:04:13 GMT
      Content-Type:
      - application/json; charset=utf-8
      Content-Length:
      - '89'
      Connection:
      - keep-alive
      Keep-Alive:
      - timeout=60
      Cache-Control:
      - no-cache, no-store, must-revalidate
      Pragma:
      - no-cache
      Expires:
      - '-1'
      X-Aspnet-Version:
      - 4.0.30319
      X-Aspnetmvc-Version:
      - '3.0'
      X-Stopwatch:
      - '4'
      X-Ua-Compatible:
      - IE=edge
    body:
      encoding: UTF-8
      string: "{\r\n  \"Id\": 4,\r\n  \"Name\": \"UserStory\",\r\n  \"IsExtendable\":
        true,\r\n  \"IsSearchable\": true\r\n}"
    http_version: 
  recorded_at: Fri, 23 Aug 2013 11:04:22 GMT
- request:
    method: get
    uri: http://admin:admin@tpruby.tpondemand.com/api/v1/GeneralUsers/1?format=json
    body:
      encoding: US-ASCII
      string: ''
    headers: {}
  response:
    status:
      code: 200
      message: OK
    headers:
      Server:
      - nginx/1.4.1
      Date:
      - Fri, 23 Aug 2013 11:04:26 GMT
      Content-Type:
      - application/json; charset=utf-8
      Content-Length:
      - '334'
      Connection:
      - keep-alive
      Keep-Alive:
      - timeout=60
      Cache-Control:
      - no-cache, no-store, must-revalidate
      Pragma:
      - no-cache
      Expires:
      - '-1'
      X-Aspnet-Version:
      - 4.0.30319
      X-Aspnetmvc-Version:
      - '3.0'
      X-Stopwatch:
      - '6'
      X-Ua-Compatible:
      - IE=edge
    body:
      encoding: UTF-8
      string: "{\r\n  \"Id\": 1,\r\n  \"FirstName\": \"Administrator\",\r\n  \"LastName\":
        \"Administrator\",\r\n  \"Email\": \"Dzmitry_Bradnitski@gmail.com\",\r\n  \"Login\":
        \"admin\",\r\n  \"CreateDate\": \"\\/Date(1376197595627-0500)\\/\",\r\n  \"ModifyDate\":
        \"\\/Date(1376218457000-0500)\\/\",\r\n  \"DeleteDate\": null,\r\n  \"IsActive\":
        true,\r\n  \"IsAdministrator\": true,\r\n  \"Kind\": \"User\"\r\n}"
    http_version: 
  recorded_at: Fri, 23 Aug 2013 11:04:22 GMT
- request:
    method: get
    uri: http://admin:admin@tpruby.tpondemand.com/api/v1/GeneralUsers/1?format=json
    body:
      encoding: US-ASCII
      string: ''
    headers: {}
  response:
    status:
      code: 200
      message: OK
    headers:
      Server:
      - nginx/1.4.1
      Date:
      - Fri, 23 Aug 2013 11:04:14 GMT
      Content-Type:
      - application/json; charset=utf-8
      Content-Length:
      - '334'
      Connection:
      - keep-alive
      Keep-Alive:
      - timeout=60
      Cache-Control:
      - no-cache, no-store, must-revalidate
      Pragma:
      - no-cache
      Expires:
      - '-1'
      X-Aspnet-Version:
      - 4.0.30319
      X-Aspnetmvc-Version:
      - '3.0'
      X-Stopwatch:
      - '6'
      X-Ua-Compatible:
      - IE=edge
    body:
      encoding: UTF-8
      string: "{\r\n  \"Id\": 1,\r\n  \"FirstName\": \"Administrator\",\r\n  \"LastName\":
        \"Administrator\",\r\n  \"Email\": \"Dzmitry_Bradnitski@gmail.com\",\r\n  \"Login\":
        \"admin\",\r\n  \"CreateDate\": \"\\/Date(1376197595627-0500)\\/\",\r\n  \"ModifyDate\":
        \"\\/Date(1376218457000-0500)\\/\",\r\n  \"DeleteDate\": null,\r\n  \"IsActive\":
        true,\r\n  \"IsAdministrator\": true,\r\n  \"Kind\": \"User\"\r\n}"
    http_version: 
  recorded_at: Fri, 23 Aug 2013 11:04:23 GMT
- request:
    method: get
    uri: http://admin:admin@tpruby.tpondemand.com/api/v1/Projects/6857?format=json
    body:
      encoding: US-ASCII
      string: ''
    headers: {}
  response:
    status:
      code: 200
      message: OK
    headers:
      Server:
      - nginx/1.4.1
      Date:
      - Fri, 23 Aug 2013 11:04:26 GMT
      Content-Type:
      - application/json; charset=utf-8
      Content-Length:
      - '732'
      Connection:
      - keep-alive
      Keep-Alive:
      - timeout=60
      Cache-Control:
      - no-cache, no-store, must-revalidate
      Pragma:
      - no-cache
      Expires:
      - '-1'
      X-Aspnet-Version:
      - 4.0.30319
      X-Aspnetmvc-Version:
      - '3.0'
      X-Stopwatch:
      - '47'
      X-Ua-Compatible:
      - IE=edge
    body:
      encoding: UTF-8
      string: "{\r\n  \"Id\": 6857,\r\n  \"Name\": \"Pro305079333\",\r\n  \"Description\":
        null,\r\n  \"StartDate\": null,\r\n  \"EndDate\": null,\r\n  \"CreateDate\":
        \"\\/Date(1377255856000-0500)\\/\",\r\n  \"ModifyDate\": \"\\/Date(1377255856000-0500)\\/\",\r\n
        \ \"LastCommentDate\": null,\r\n  \"Tags\": \"\",\r\n  \"NumericPriority\":
        113.0,\r\n  \"IsActive\": true,\r\n  \"IsProduct\": false,\r\n  \"Abbreviation\":
        \"PRO\",\r\n  \"MailReplyAddress\": null,\r\n  \"Color\": null,\r\n  \"EntityType\":
        {\r\n    \"Id\": 1,\r\n    \"Name\": \"Project\"\r\n  },\r\n  \"Owner\": {\r\n
        \   \"Id\": 1,\r\n    \"FirstName\": \"Administrator\",\r\n    \"LastName\":
        \"Administrator\"\r\n  },\r\n  \"LastCommentedUser\": null,\r\n  \"Project\":
        null,\r\n  \"Program\": null,\r\n  \"Process\": {\r\n    \"Id\": 3,\r\n    \"Name\":
        \"Scrum\"\r\n  },\r\n  \"Company\": null,\r\n  \"CustomFields\": []\r\n}"
    http_version: 
  recorded_at: Fri, 23 Aug 2013 11:04:23 GMT
- request:
    method: get
    uri: http://admin:admin@tpruby.tpondemand.com/api/v1/Projects/6857?format=json
    body:
      encoding: US-ASCII
      string: ''
    headers: {}
  response:
    status:
      code: 200
      message: OK
    headers:
      Server:
      - nginx/1.4.1
      Date:
      - Fri, 23 Aug 2013 11:04:14 GMT
      Content-Type:
      - application/json; charset=utf-8
      Content-Length:
      - '732'
      Connection:
      - keep-alive
      Keep-Alive:
      - timeout=60
      Cache-Control:
      - no-cache, no-store, must-revalidate
      Pragma:
      - no-cache
      Expires:
      - '-1'
      X-Aspnet-Version:
      - 4.0.30319
      X-Aspnetmvc-Version:
      - '3.0'
      X-Stopwatch:
      - '48'
      X-Ua-Compatible:
      - IE=edge
    body:
      encoding: UTF-8
      string: "{\r\n  \"Id\": 6857,\r\n  \"Name\": \"Pro305079333\",\r\n  \"Description\":
        null,\r\n  \"StartDate\": null,\r\n  \"EndDate\": null,\r\n  \"CreateDate\":
        \"\\/Date(1377255856000-0500)\\/\",\r\n  \"ModifyDate\": \"\\/Date(1377255856000-0500)\\/\",\r\n
        \ \"LastCommentDate\": null,\r\n  \"Tags\": \"\",\r\n  \"NumericPriority\":
        113.0,\r\n  \"IsActive\": true,\r\n  \"IsProduct\": false,\r\n  \"Abbreviation\":
        \"PRO\",\r\n  \"MailReplyAddress\": null,\r\n  \"Color\": null,\r\n  \"EntityType\":
        {\r\n    \"Id\": 1,\r\n    \"Name\": \"Project\"\r\n  },\r\n  \"Owner\": {\r\n
        \   \"Id\": 1,\r\n    \"FirstName\": \"Administrator\",\r\n    \"LastName\":
        \"Administrator\"\r\n  },\r\n  \"LastCommentedUser\": null,\r\n  \"Project\":
        null,\r\n  \"Program\": null,\r\n  \"Process\": {\r\n    \"Id\": 3,\r\n    \"Name\":
        \"Scrum\"\r\n  },\r\n  \"Company\": null,\r\n  \"CustomFields\": []\r\n}"
    http_version: 
  recorded_at: Fri, 23 Aug 2013 11:04:23 GMT
- request:
    method: get
    uri: http://admin:admin@tpruby.tpondemand.com/api/v1/EntityTypes/1?format=json
    body:
      encoding: US-ASCII
      string: ''
    headers: {}
  response:
    status:
      code: 200
      message: OK
    headers:
      Server:
      - nginx/1.4.1
      Date:
      - Fri, 23 Aug 2013 11:04:27 GMT
      Content-Type:
      - application/json; charset=utf-8
      Content-Length:
      - '88'
      Connection:
      - keep-alive
      Keep-Alive:
      - timeout=60
      Cache-Control:
      - no-cache, no-store, must-revalidate
      Pragma:
      - no-cache
      Expires:
      - '-1'
      X-Aspnet-Version:
      - 4.0.30319
      X-Aspnetmvc-Version:
      - '3.0'
      X-Stopwatch:
      - '4'
      X-Ua-Compatible:
      - IE=edge
    body:
      encoding: UTF-8
      string: "{\r\n  \"Id\": 1,\r\n  \"Name\": \"Project\",\r\n  \"IsExtendable\":
        true,\r\n  \"IsSearchable\": false\r\n}"
    http_version: 
  recorded_at: Fri, 23 Aug 2013 11:04:24 GMT
- request:
    method: get
    uri: http://admin:admin@tpruby.tpondemand.com/api/v1/EntityTypes/1?format=json
    body:
      encoding: US-ASCII
      string: ''
    headers: {}
  response:
    status:
      code: 200
      message: OK
    headers:
      Server:
      - nginx/1.4.1
      Date:
      - Fri, 23 Aug 2013 11:04:15 GMT
      Content-Type:
      - application/json; charset=utf-8
      Content-Length:
      - '88'
      Connection:
      - keep-alive
      Keep-Alive:
      - timeout=60
      Cache-Control:
      - no-cache, no-store, must-revalidate
      Pragma:
      - no-cache
      Expires:
      - '-1'
      X-Aspnet-Version:
      - 4.0.30319
      X-Aspnetmvc-Version:
      - '3.0'
      X-Stopwatch:
      - '4'
      X-Ua-Compatible:
      - IE=edge
    body:
      encoding: UTF-8
      string: "{\r\n  \"Id\": 1,\r\n  \"Name\": \"Project\",\r\n  \"IsExtendable\":
        true,\r\n  \"IsSearchable\": false\r\n}"
    http_version: 
  recorded_at: Fri, 23 Aug 2013 11:04:24 GMT
- request:
    method: get
    uri: http://admin:admin@tpruby.tpondemand.com/api/v1/GeneralUsers/1?format=json
    body:
      encoding: US-ASCII
      string: ''
    headers: {}
  response:
    status:
      code: 200
      message: OK
    headers:
      Server:
      - nginx/1.4.1
      Date:
      - Fri, 23 Aug 2013 11:04:28 GMT
      Content-Type:
      - application/json; charset=utf-8
      Content-Length:
      - '334'
      Connection:
      - keep-alive
      Keep-Alive:
      - timeout=60
      Cache-Control:
      - no-cache, no-store, must-revalidate
      Pragma:
      - no-cache
      Expires:
      - '-1'
      X-Aspnet-Version:
      - 4.0.30319
      X-Aspnetmvc-Version:
      - '3.0'
      X-Stopwatch:
      - '6'
      X-Ua-Compatible:
      - IE=edge
    body:
      encoding: UTF-8
      string: "{\r\n  \"Id\": 1,\r\n  \"FirstName\": \"Administrator\",\r\n  \"LastName\":
        \"Administrator\",\r\n  \"Email\": \"Dzmitry_Bradnitski@gmail.com\",\r\n  \"Login\":
        \"admin\",\r\n  \"CreateDate\": \"\\/Date(1376197595627-0500)\\/\",\r\n  \"ModifyDate\":
        \"\\/Date(1376218457000-0500)\\/\",\r\n  \"DeleteDate\": null,\r\n  \"IsActive\":
        true,\r\n  \"IsAdministrator\": true,\r\n  \"Kind\": \"User\"\r\n}"
    http_version: 
  recorded_at: Fri, 23 Aug 2013 11:04:24 GMT
- request:
    method: get
    uri: http://admin:admin@tpruby.tpondemand.com/api/v1/GeneralUsers/1?format=json
    body:
      encoding: US-ASCII
      string: ''
    headers: {}
  response:
    status:
      code: 200
      message: OK
    headers:
      Server:
      - nginx/1.4.1
      Date:
      - Fri, 23 Aug 2013 11:04:16 GMT
      Content-Type:
      - application/json; charset=utf-8
      Content-Length:
      - '334'
      Connection:
      - keep-alive
      Keep-Alive:
      - timeout=60
      Cache-Control:
      - no-cache, no-store, must-revalidate
      Pragma:
      - no-cache
      Expires:
      - '-1'
      X-Aspnet-Version:
      - 4.0.30319
      X-Aspnetmvc-Version:
      - '3.0'
      X-Stopwatch:
      - '6'
      X-Ua-Compatible:
      - IE=edge
    body:
      encoding: UTF-8
      string: "{\r\n  \"Id\": 1,\r\n  \"FirstName\": \"Administrator\",\r\n  \"LastName\":
        \"Administrator\",\r\n  \"Email\": \"Dzmitry_Bradnitski@gmail.com\",\r\n  \"Login\":
        \"admin\",\r\n  \"CreateDate\": \"\\/Date(1376197595627-0500)\\/\",\r\n  \"ModifyDate\":
        \"\\/Date(1376218457000-0500)\\/\",\r\n  \"DeleteDate\": null,\r\n  \"IsActive\":
        true,\r\n  \"IsAdministrator\": true,\r\n  \"Kind\": \"User\"\r\n}"
    http_version: 
  recorded_at: Fri, 23 Aug 2013 11:04:25 GMT
- request:
    method: get
    uri: http://admin:admin@tpruby.tpondemand.com/api/v1/Processes/3?format=json
    body:
      encoding: US-ASCII
      string: ''
    headers: {}
  response:
    status:
      code: 200
      message: OK
    headers:
      Server:
      - nginx/1.4.1
      Date:
      - Fri, 23 Aug 2013 11:04:28 GMT
      Content-Type:
      - application/json; charset=utf-8
      Content-Length:
      - '149'
      Connection:
      - keep-alive
      Keep-Alive:
      - timeout=60
      Cache-Control:
      - no-cache, no-store, must-revalidate
      Pragma:
      - no-cache
      Expires:
      - '-1'
      X-Aspnet-Version:
      - 4.0.30319
      X-Aspnetmvc-Version:
      - '3.0'
      X-Stopwatch:
      - '4'
      X-Ua-Compatible:
      - IE=edge
    body:
      encoding: UTF-8
      string: "{\r\n  \"Id\": 3,\r\n  \"Name\": \"Scrum\",\r\n  \"IsDefault\": true,\r\n
        \ \"Description\": \"Scrum is an iterative, incremental methodology for project
        management.\"\r\n}"
    http_version: 
  recorded_at: Fri, 23 Aug 2013 11:04:25 GMT
- request:
    method: get
    uri: http://admin:admin@tpruby.tpondemand.com/api/v1/Processes/3?format=json
    body:
      encoding: US-ASCII
      string: ''
    headers: {}
  response:
    status:
      code: 200
      message: OK
    headers:
      Server:
      - nginx/1.4.1
      Date:
      - Fri, 23 Aug 2013 11:04:16 GMT
      Content-Type:
      - application/json; charset=utf-8
      Content-Length:
      - '149'
      Connection:
      - keep-alive
      Keep-Alive:
      - timeout=60
      Cache-Control:
      - no-cache, no-store, must-revalidate
      Pragma:
      - no-cache
      Expires:
      - '-1'
      X-Aspnet-Version:
      - 4.0.30319
      X-Aspnetmvc-Version:
      - '3.0'
      X-Stopwatch:
      - '4'
      X-Ua-Compatible:
      - IE=edge
    body:
      encoding: UTF-8
      string: "{\r\n  \"Id\": 3,\r\n  \"Name\": \"Scrum\",\r\n  \"IsDefault\": true,\r\n
        \ \"Description\": \"Scrum is an iterative, incremental methodology for project
        management.\"\r\n}"
    http_version: 
  recorded_at: Fri, 23 Aug 2013 11:04:25 GMT
- request:
    method: get
    uri: http://admin:admin@tpruby.tpondemand.com/api/v1/Priorities/5?format=json
    body:
      encoding: US-ASCII
      string: ''
    headers: {}
  response:
    status:
      code: 200
      message: OK
    headers:
      Server:
      - nginx/1.4.1
      Date:
      - Fri, 23 Aug 2013 11:04:29 GMT
      Content-Type:
      - application/json; charset=utf-8
      Content-Length:
      - '149'
      Connection:
      - keep-alive
      Keep-Alive:
      - timeout=60
      Cache-Control:
      - no-cache, no-store, must-revalidate
      Pragma:
      - no-cache
      Expires:
      - '-1'
      X-Aspnet-Version:
      - 4.0.30319
      X-Aspnetmvc-Version:
      - '3.0'
      X-Stopwatch:
      - '5'
      X-Ua-Compatible:
      - IE=edge
    body:
      encoding: UTF-8
      string: "{\r\n  \"Id\": 5,\r\n  \"Name\": \"Nice To Have\",\r\n  \"Importance\":
        5,\r\n  \"IsDefault\": false,\r\n  \"EntityType\": {\r\n    \"Id\": 4,\r\n
        \   \"Name\": \"UserStory\"\r\n  }\r\n}"
    http_version: 
  recorded_at: Fri, 23 Aug 2013 11:04:26 GMT
- request:
    method: get
    uri: http://admin:admin@tpruby.tpondemand.com/api/v1/Priorities/5?format=json
    body:
      encoding: US-ASCII
      string: ''
    headers: {}
  response:
    status:
      code: 200
      message: OK
    headers:
      Server:
      - nginx/1.4.1
      Date:
      - Fri, 23 Aug 2013 11:04:17 GMT
      Content-Type:
      - application/json; charset=utf-8
      Content-Length:
      - '149'
      Connection:
      - keep-alive
      Keep-Alive:
      - timeout=60
      Cache-Control:
      - no-cache, no-store, must-revalidate
      Pragma:
      - no-cache
      Expires:
      - '-1'
      X-Aspnet-Version:
      - 4.0.30319
      X-Aspnetmvc-Version:
      - '3.0'
      X-Stopwatch:
      - '6'
      X-Ua-Compatible:
      - IE=edge
    body:
      encoding: UTF-8
      string: "{\r\n  \"Id\": 5,\r\n  \"Name\": \"Nice To Have\",\r\n  \"Importance\":
        5,\r\n  \"IsDefault\": false,\r\n  \"EntityType\": {\r\n    \"Id\": 4,\r\n
        \   \"Name\": \"UserStory\"\r\n  }\r\n}"
    http_version: 
  recorded_at: Fri, 23 Aug 2013 11:04:26 GMT
- request:
    method: get
    uri: http://admin:admin@tpruby.tpondemand.com/api/v1/EntityTypes/4?format=json
    body:
      encoding: US-ASCII
      string: ''
    headers: {}
  response:
    status:
      code: 200
      message: OK
    headers:
      Server:
      - nginx/1.4.1
      Date:
      - Fri, 23 Aug 2013 11:04:30 GMT
      Content-Type:
      - application/json; charset=utf-8
      Content-Length:
      - '89'
      Connection:
      - keep-alive
      Keep-Alive:
      - timeout=60
      Cache-Control:
      - no-cache, no-store, must-revalidate
      Pragma:
      - no-cache
      Expires:
      - '-1'
      X-Aspnet-Version:
      - 4.0.30319
      X-Aspnetmvc-Version:
      - '3.0'
      X-Stopwatch:
      - '4'
      X-Ua-Compatible:
      - IE=edge
    body:
      encoding: UTF-8
      string: "{\r\n  \"Id\": 4,\r\n  \"Name\": \"UserStory\",\r\n  \"IsExtendable\":
        true,\r\n  \"IsSearchable\": true\r\n}"
    http_version: 
  recorded_at: Fri, 23 Aug 2013 11:04:26 GMT
- request:
    method: get
    uri: http://admin:admin@tpruby.tpondemand.com/api/v1/EntityTypes/4?format=json
    body:
      encoding: US-ASCII
      string: ''
    headers: {}
  response:
    status:
      code: 200
      message: OK
    headers:
      Server:
      - nginx/1.4.1
      Date:
      - Fri, 23 Aug 2013 11:04:18 GMT
      Content-Type:
      - application/json; charset=utf-8
      Content-Length:
      - '89'
      Connection:
      - keep-alive
      Keep-Alive:
      - timeout=60
      Cache-Control:
      - no-cache, no-store, must-revalidate
      Pragma:
      - no-cache
      Expires:
      - '-1'
      X-Aspnet-Version:
      - 4.0.30319
      X-Aspnetmvc-Version:
      - '3.0'
      X-Stopwatch:
      - '4'
      X-Ua-Compatible:
      - IE=edge
    body:
      encoding: UTF-8
      string: "{\r\n  \"Id\": 4,\r\n  \"Name\": \"UserStory\",\r\n  \"IsExtendable\":
        true,\r\n  \"IsSearchable\": true\r\n}"
    http_version: 
  recorded_at: Fri, 23 Aug 2013 11:04:27 GMT
- request:
    method: get
    uri: http://admin:admin@tpruby.tpondemand.com/api/v1/EntityStates/46?format=json
    body:
      encoding: US-ASCII
      string: ''
    headers: {}
  response:
    status:
      code: 200
      message: OK
    headers:
      Server:
      - nginx/1.4.1
      Date:
      - Fri, 23 Aug 2013 11:04:30 GMT
      Content-Type:
      - application/json; charset=utf-8
      Content-Length:
      - '298'
      Connection:
      - keep-alive
      Keep-Alive:
      - timeout=60
      Cache-Control:
      - no-cache, no-store, must-revalidate
      Pragma:
      - no-cache
      Expires:
      - '-1'
      X-Aspnet-Version:
      - 4.0.30319
      X-Aspnetmvc-Version:
      - '3.0'
      X-Stopwatch:
      - '10'
      X-Ua-Compatible:
      - IE=edge
    body:
      encoding: UTF-8
      string: "{\r\n  \"Id\": 46,\r\n  \"Name\": \"Open\",\r\n  \"IsInitial\": true,\r\n
        \ \"IsFinal\": false,\r\n  \"IsPlanned\": false,\r\n  \"IsCommentRequired\":
        false,\r\n  \"NumericPriority\": 46.0,\r\n  \"Role\": null,\r\n  \"EntityType\":
        {\r\n    \"Id\": 4,\r\n    \"Name\": \"UserStory\"\r\n  },\r\n  \"Process\":
        {\r\n    \"Id\": 3,\r\n    \"Name\": \"Scrum\"\r\n  }\r\n}"
    http_version: 
  recorded_at: Fri, 23 Aug 2013 11:04:27 GMT
- request:
    method: get
    uri: http://admin:admin@tpruby.tpondemand.com/api/v1/EntityStates/46?format=json
    body:
      encoding: US-ASCII
      string: ''
    headers: {}
  response:
    status:
      code: 200
      message: OK
    headers:
      Server:
      - nginx/1.4.1
      Date:
      - Fri, 23 Aug 2013 11:04:18 GMT
      Content-Type:
      - application/json; charset=utf-8
      Content-Length:
      - '298'
      Connection:
      - keep-alive
      Keep-Alive:
      - timeout=60
      Cache-Control:
      - no-cache, no-store, must-revalidate
      Pragma:
      - no-cache
      Expires:
      - '-1'
      X-Aspnet-Version:
      - 4.0.30319
      X-Aspnetmvc-Version:
      - '3.0'
      X-Stopwatch:
      - '10'
      X-Ua-Compatible:
      - IE=edge
    body:
      encoding: UTF-8
      string: "{\r\n  \"Id\": 46,\r\n  \"Name\": \"Open\",\r\n  \"IsInitial\": true,\r\n
        \ \"IsFinal\": false,\r\n  \"IsPlanned\": false,\r\n  \"IsCommentRequired\":
        false,\r\n  \"NumericPriority\": 46.0,\r\n  \"Role\": null,\r\n  \"EntityType\":
        {\r\n    \"Id\": 4,\r\n    \"Name\": \"UserStory\"\r\n  },\r\n  \"Process\":
        {\r\n    \"Id\": 3,\r\n    \"Name\": \"Scrum\"\r\n  }\r\n}"
    http_version: 
  recorded_at: Fri, 23 Aug 2013 11:04:27 GMT
- request:
    method: get
    uri: http://admin:admin@tpruby.tpondemand.com/api/v1/EntityTypes/4?format=json
    body:
      encoding: US-ASCII
      string: ''
    headers: {}
  response:
    status:
      code: 200
      message: OK
    headers:
      Server:
      - nginx/1.4.1
      Date:
      - Fri, 23 Aug 2013 11:04:31 GMT
      Content-Type:
      - application/json; charset=utf-8
      Content-Length:
      - '89'
      Connection:
      - keep-alive
      Keep-Alive:
      - timeout=60
      Cache-Control:
      - no-cache, no-store, must-revalidate
      Pragma:
      - no-cache
      Expires:
      - '-1'
      X-Aspnet-Version:
      - 4.0.30319
      X-Aspnetmvc-Version:
      - '3.0'
      X-Stopwatch:
      - '4'
      X-Ua-Compatible:
      - IE=edge
    body:
      encoding: UTF-8
      string: "{\r\n  \"Id\": 4,\r\n  \"Name\": \"UserStory\",\r\n  \"IsExtendable\":
        true,\r\n  \"IsSearchable\": true\r\n}"
    http_version: 
  recorded_at: Fri, 23 Aug 2013 11:04:28 GMT
- request:
    method: get
    uri: http://admin:admin@tpruby.tpondemand.com/api/v1/EntityTypes/4?format=json
    body:
      encoding: US-ASCII
      string: ''
    headers: {}
  response:
    status:
      code: 200
      message: OK
    headers:
      Server:
      - nginx/1.4.1
      Date:
      - Fri, 23 Aug 2013 11:04:19 GMT
      Content-Type:
      - application/json; charset=utf-8
      Content-Length:
      - '89'
      Connection:
      - keep-alive
      Keep-Alive:
      - timeout=60
      Cache-Control:
      - no-cache, no-store, must-revalidate
      Pragma:
      - no-cache
      Expires:
      - '-1'
      X-Aspnet-Version:
      - 4.0.30319
      X-Aspnetmvc-Version:
      - '3.0'
      X-Stopwatch:
      - '4'
      X-Ua-Compatible:
      - IE=edge
    body:
      encoding: UTF-8
      string: "{\r\n  \"Id\": 4,\r\n  \"Name\": \"UserStory\",\r\n  \"IsExtendable\":
        true,\r\n  \"IsSearchable\": true\r\n}"
    http_version: 
  recorded_at: Fri, 23 Aug 2013 11:04:28 GMT
- request:
    method: get
    uri: http://admin:admin@tpruby.tpondemand.com/api/v1/Processes/3?format=json
    body:
      encoding: US-ASCII
      string: ''
    headers: {}
  response:
    status:
      code: 200
      message: OK
    headers:
      Server:
      - nginx/1.4.1
      Date:
      - Fri, 23 Aug 2013 11:04:32 GMT
      Content-Type:
      - application/json; charset=utf-8
      Content-Length:
      - '149'
      Connection:
      - keep-alive
      Keep-Alive:
      - timeout=60
      Cache-Control:
      - no-cache, no-store, must-revalidate
      Pragma:
      - no-cache
      Expires:
      - '-1'
      X-Aspnet-Version:
      - 4.0.30319
      X-Aspnetmvc-Version:
      - '3.0'
      X-Stopwatch:
      - '4'
      X-Ua-Compatible:
      - IE=edge
    body:
      encoding: UTF-8
      string: "{\r\n  \"Id\": 3,\r\n  \"Name\": \"Scrum\",\r\n  \"IsDefault\": true,\r\n
        \ \"Description\": \"Scrum is an iterative, incremental methodology for project
        management.\"\r\n}"
    http_version: 
  recorded_at: Fri, 23 Aug 2013 11:04:28 GMT
- request:
    method: get
    uri: http://admin:admin@tpruby.tpondemand.com/api/v1/Processes/3?format=json
    body:
      encoding: US-ASCII
      string: ''
    headers: {}
  response:
    status:
      code: 200
      message: OK
    headers:
      Server:
      - nginx/1.4.1
      Date:
      - Fri, 23 Aug 2013 11:04:20 GMT
      Content-Type:
      - application/json; charset=utf-8
      Content-Length:
      - '149'
      Connection:
      - keep-alive
      Keep-Alive:
      - timeout=60
      Cache-Control:
      - no-cache, no-store, must-revalidate
      Pragma:
      - no-cache
      Expires:
      - '-1'
      X-Aspnet-Version:
      - 4.0.30319
      X-Aspnetmvc-Version:
      - '3.0'
      X-Stopwatch:
      - '4'
      X-Ua-Compatible:
      - IE=edge
    body:
      encoding: UTF-8
      string: "{\r\n  \"Id\": 3,\r\n  \"Name\": \"Scrum\",\r\n  \"IsDefault\": true,\r\n
        \ \"Description\": \"Scrum is an iterative, incremental methodology for project
        management.\"\r\n}"
    http_version: 
  recorded_at: Fri, 23 Aug 2013 11:04:29 GMT
recorded_with: VCR 2.5.0
